{"data":{"name_search":{"count":6,"names":[{"id":"91714","simple_name":"Angophora","full_name":"Angophora Cav.","name_status_name":"legitimate","family_name":"Myrtaceae Juss."},{"id":"91724","simple_name":"Angophora bakeri","full_name":"Angophora bakeri E.C.Hall","name_status_name":"legitimate","family_name":"Myrtaceae Juss."},{"id":"91746","simple_name":"Angophora cordifolia","full_name":"Angophora cordifolia Cav.","name_status_name":"legitimate","family_name":"Myrtaceae Juss."},{"id":"91755","simple_name":"Angophora costata","full_name":"Angophora costata (Gaertn.) Britten","name_status_name":"legitimate","family_name":"Myrtaceae Juss."},{"id":"91776","simple_name":"Angophora floribunda","full_name":"Angophora floribunda (Sm.) Sweet","name_status_name":"legitimate","family_name":"Myrtaceae Juss."},{"id":"91914","simple_name":"Angophora subvelutina","full_name":"Angophora subvelutina F.Muell.","name_status_name":"legitimate","family_name":"Myrtaceae Juss."}]}}}